// Jest Snapshot v1, https://goo.gl/fbAQLP

exports[`renders correctly 1`] = `
<div>
  <input
    onChange={[Function]}
    type="text"
  />
  <button
    onClick={[Function]}
  >
    add
  </button>
  <div
    className="todos"
    data-testid="todos-div"
  />
</div>
`;
